// Jest Snapshot v1, https://goo.gl/fbAQLP

exports[`CommentList matches snapshot 1`] = `undefined`;
